Ôû▓ Next.js 16.1.6 (Turbopack)

  Creating an optimized production build ...
node.exe : 
En línea: 1 Carácter: 1
+ & "C:\Program 
Files\nodejs/node.exe" 
"C:\Program 
Files\nodejs/node_mo 
...
+ ~~~~~~~~~~~~~~~~~~~~~
~~~~~~~~~~~~~~~~~~~~~~~
~~~~~~~~~~~~~~~~~~~~~~~
~~
    + CategoryInfo     
         : NotSpecifi  
  ed: (:String) [],    
 RemoteException
    + FullyQualifiedEr 
   rorId : NativeComm  
  andError
 
> Build error occurred
Error: Turbopack build 
failed with 1 errors:
./src/components/tabs/E
quityCurveTab.tsx:153:9
3
Module not found: 
Can't resolve 
'lightweight-charts'
[0m [90m 151 |[39m  
     [90m// But let's 
assume it's imported 
(I will add it in a 
sec)[39m
 [90m 152 |[39m
[31m[1m>[22m[39m[9
0m 153 |[39m       
[36mconst[39m series 
[33m=[39m ddChart[33
m.[39maddSeries((windo
w [36mas[39m any)[33
m.[39m[33mLightweight
Charts[39m[33m?[39m
[33m.[39m[33mBaseline
Series[39m 
[33m||[39m require([
32m"lightweight-charts"
[39m)[33m.[39m[33mB
aselineSeries[39m[33m
,[39m {
 [90m     |[39m      
                       
                       
                       
                  [31m
[1m^[22m[39m[31m[1
m^[22m[39m[31m[1m^
[22m[39m[31m[1m^[22
m[39m[31m[1m^[22m[
39m[31m[1m^[22m[39m
[31m[1m^[22m[39m[3
1m[1m^[22m[39m[31m
[1m^[22m[39m[31m[1m
^[22m[39m[31m[1m^[
22m[39m[31m[1m^[22m
[39m[31m[1m^[22m[3
9m[31m[1m^[22m[39m
[31m[1m^[22m[39m[31
m[1m^[22m[39m[31m[
1m^[22m[39m[31m[1m^
[22m[39m[31m[1m^[2
2m[39m[31m[1m^[22m
[39m[31m[1m^[22m[39
m[31m[1m^[22m[39m[
31m[1m^[22m[39m[31m
[1m^[22m[39m[31m[1
m^[22m[39m[31m[1m^
[22m[39m[31m[1m^[22
m[39m[31m[1m^[22m[
39m[31m[1m^[22m[39m
 [90m 154 |[39m      
   
baseValue[33m:[39m { 
type[33m:[39m [32m"p
rice"[39m[33m,[39m 
price[33m:[39m 
[35m0[39m 
}[33m,[39m
 [90m 155 |[39m      
   topLineColor[33m:[
39m [32m"rgba(16,185,1
29,0.5)"[39m[33m,[39
m
 [90m 156 |[39m      
   topFillColor1[33m:
[39m [32m"rgba(16,185,
129,0.05)"[39m[33m,[
39m[0m



Import traces:
  Client Component 
Browser:
    ./src/components/ta
bs/EquityCurveTab.tsx 
[Client Component 
Browser]
    ./src/components/Re
sultsTabs.tsx [Client 
Component Browser]
    ./src/app/page.tsx 
[Client Component 
Browser]
    ./src/app/page.tsx 
[Server Component]

  Client Component SSR:
    ./src/components/ta
bs/EquityCurveTab.tsx 
[Client Component SSR]
    ./src/components/Re
sultsTabs.tsx [Client 
Component SSR]
    ./src/app/page.tsx 
[Client Component SSR]
    ./src/app/page.tsx 
[Server Component]

https://nextjs.org/docs
/messages/module-not-fo
und


    at <unknown> (./src
/components/tabs/Equity
CurveTab.tsx:153:93)
    at <unknown> (https
://nextjs.org/docs/mess
ages/module-not-found)
